Microchip MPLAB XC8 Compiler V2.40

Linker command line:

-W-3 \
  --edf=C:\Program Files\Microchip\xc8\v2.40\pic\dat\20220703182018_en.msgs \
  -cn -h+dist/default/production\SPI_M.X.production.sym \
  --cmf=dist/default/production\SPI_M.X.production.cmf -z -Q16F887 \
  -oC:\Users\byron\AppData\Local\Temp\xcAspi4.4 --defsym=__MPLAB_BUILD=1 \
  --fixupoverflow=error -Mdist/default/production/SPI_M.X.production.map \
  --md=C:\Users\byron\AppData\Local\Temp\xcAspi4.dat -E1 -ver=XC8 Compiler \
  --acfsm=1493 -ACODE=00h-07FFhx4 -ASTRCODE=00h-01FFFh -ASTRING=00h-0FFhx32 \
  -ACONST=00h-0FFhx32 -AENTRY=00h-0FFhx32 -ACOMMON=070h-07Fh \
  -ABANK0=020h-06Fh -ABANK1=0A0h-0EFh -ABANK2=0110h-016Fh \
  -ABANK3=0190h-01EFh -ARAM=020h-06Fh,0A0h-0EFh,0110h-016Fh,0190h-01EFh \
  -AABS1=020h-07Fh,0A0h-0EFh,0110h-016Fh,0190h-01EFh -ASFR0=00h-01Fh \
  -ASFR1=080h-09Fh -ASFR2=0100h-010Fh -ASFR3=0180h-018Fh \
  -ACONFIG=02007h-02008h -DCONFIG=2 -AIDLOC=02000h-02003h -DIDLOC=2 \
  -AEEDATA=00h-0FFh/02100h -peeprom_data=EEDATA -DEEDATA=2 -DCODE=2 \
  -DSTRCODE=2 -DSTRING=2 -DCONST=2 -DENTRY=2 \
  -preset_vec=00h,intentry,init,end_init -ppowerup=CODE -pcinit=CODE \
  -pfunctab=ENTRY -k C:\Users\byron\AppData\Local\Temp\xcAspi4.o \
  dist/default/production\SPI_M.X.production.o 

Object code version is 3.11

Machine type is 16F887



                Name                               Link     Load   Length Selector   Space Scale
C:\Users\byron\AppData\Local\Temp\xcAspi4.o
                end_init                              0        0        3        0       0
                config                             2007     2007        2        0       4
                idloc                              2000     2000        4        0       5
dist/default/production\SPI_M.X.production.o
                cinit                               7FC      7FC        4      FF8       0
                config                             2007     2007        2        0       4
                idloc                              2000     2000        4        0       5
                text18                              2A7      2A7       22      54E       0
                text17                              28D      28D       1A      51A       0
                text16                              25D      25D        D      4BA       0
                text15                              3EB      3EB       46      7D6       0
                text14                              2F6      2F6       35      5EC       0
                text13                              365      365       42      6CA       0
                text12                              4E9      4E9       67      9D2       0
                text11                              431      431       5B      862       0
                text10                              48C      48C       5D      918       0
                text9                               26A      26A        D      4D4       0
                text8                               277      277       16      4EE       0
                text7                               2C9      2C9       2D      592       0
                text6                               24D      24D        7      49A       0
                text5                               254      254        9      4A8       0
                text4                               247      247        6      48E       0
                text3                               3A7      3A7       44      74E       0
                text2                               32B      32B       3A      656       0
                text1                               550      550       C1      AA0       0
                maintext                            611      611      1EB      C22       0
                cstackBANK0                          20       20       29       20       1
                cstackCOMMON                         70       70        E       70       1
                strings                               3        3       29        6       0

TOTAL           Name                               Link     Load   Length     Space
        CLASS   CODE           
                end_init                              0        0        3         0
                cinit                               7FC      7FC        4         0
                text18                              2A7      2A7       22         0
                text17                              28D      28D       1A         0
                text16                              25D      25D        D         0
                text15                              3EB      3EB       46         0
                text14                              2F6      2F6       35         0
                text13                              365      365       42         0
                text12                              4E9      4E9       67         0
                text11                              431      431       5B         0
                text10                              48C      48C       5D         0
                text9                               26A      26A        D         0
                text8                               277      277       16         0
                text7                               2C9      2C9       2D         0
                text6                               24D      24D        7         0
                text5                               254      254        9         0
                text4                               247      247        6         0
                text3                               3A7      3A7       44         0
                text2                               32B      32B       3A         0
                text1                               550      550       C1         0
                maintext                            611      611      1EB         0

        CLASS   STRCODE        

        CLASS   STRING         
                strings                               3        3       29         0

        CLASS   CONST          

        CLASS   ENTRY          

        CLASS   COMMON         
                cstackCOMMON                         70       70        E         1

        CLASS   BANK0          
                cstackBANK0                          20       20       29         1

        CLASS   BANK1          

        CLASS   BANK2          

        CLASS   BANK3          

        CLASS   RAM            

        CLASS   ABS1           
                abs_s1                               7E       7E        2         1

        CLASS   SFR0           

        CLASS   SFR1           

        CLASS   SFR2           

        CLASS   SFR3           

        CLASS   CONFIG         
                config                             2007     2007        2         4

        CLASS   IDLOC          
                idloc                              2000     2000        4         5

        CLASS   EEDATA         

        CLASS   STACK          



SEGMENTS        Name                           Load    Length   Top    Selector   Space  Class     Delta

                reset_vec                      000000  000003  000003         0       0  CODE        2
                strings                        000003  000029  00002C         6       0  STRING      2
                cstackBANK0                    000020  000029  000049        20       1  BANK0       1
                cstackCOMMON                   000070  00000E  00007E        70       1  COMMON      1
                text4                          000247  000006  00024D       48E       0  CODE        2
                text6                          00024D  000007  000254       49A       0  CODE        2
                text5                          000254  000009  00025D       4A8       0  CODE        2
                text16                         00025D  00000D  00026A       4BA       0  CODE        2
                text9                          00026A  00000D  000277       4D4       0  CODE        2
                text8                          000277  000016  00028D       4EE       0  CODE        2
                text17                         00028D  00001A  0002A7       51A       0  CODE        2
                text18                         0002A7  000022  0002C9       54E       0  CODE        2
                text7                          0002C9  00002D  0002F6       592       0  CODE        2
                text14                         0002F6  000035  00032B       5EC       0  CODE        2
                text2                          00032B  00003A  000365       656       0  CODE        2
                text13                         000365  000042  0003A7       6CA       0  CODE        2
                text3                          0003A7  000044  0003EB       74E       0  CODE        2
                text15                         0003EB  000046  000431       7D6       0  CODE        2
                text11                         000431  00005B  00048C       862       0  CODE        2
                text10                         00048C  00005D  0004E9       918       0  CODE        2
                text12                         0004E9  000067  000550       9D2       0  CODE        2
                text1                          000550  0000C1  000611       AA0       0  CODE        2
                maintext                       000611  0001EB  0007FC       C22       0  CODE        2
                cinit                          0007FC  000004  000800       FF8       0  CODE        2


UNUSED ADDRESS RANGES

        Name                Unused          Largest block    Delta
        BANK0            0049-006F             27           1
        BANK1            00A0-00EF             50           1
        BANK2            0110-016F             60           1
        BANK3            0190-01EF             60           1
        CODE             002C-0246            21B           2
                         0800-1FFF            800
        CONST            002C-0246            100           2
                         0800-1FFF            100
        EEDATA           2100-21FF            100           2
        ENTRY            002C-0246            100           2
                         0800-1FFF            100
        RAM              0049-006F             27           1
                         00A0-00EF             50
                         0110-016F             60
                         0190-01EF             60
        SFR0             0000-001F             20           1
        SFR1             0080-009F             20           1
        SFR2             0100-010F             10           1
        SFR3             0180-018F             10           1
        STRCODE          002C-0246            21B           2
                         0800-1FFF           1800
        STRING           002C-0246            100           2
                         0800-1FFF            100

                                  Symbol Table

?___awdiv                       cstackCOMMON 0070
?___awmod                       cstackCOMMON 0079
?___lwdiv                       cstackCOMMON 0070
?___lwmod                       cstackCOMMON 0078
?_sprintf                       cstackBANK0  0020
Lcd_Cmd_4bits@a                 cstackCOMMON 0073
Lcd_Port_4bits@a                cstackCOMMON 0070
Lcd_Set_Cursor_4bits@a          cstackCOMMON 0076
Lcd_Set_Cursor_4bits@b          cstackCOMMON 0074
Lcd_Set_Cursor_4bits@temp       cstackCOMMON 0079
Lcd_Set_Cursor_4bits@y          cstackCOMMON 0078
Lcd_Set_Cursor_4bits@z          cstackCOMMON 0077
Lcd_Write_Char_4bits@a          cstackCOMMON 0074
Lcd_Write_Char_4bits@temp       cstackCOMMON 0072
Lcd_Write_Char_4bits@y          cstackCOMMON 0073
Lcd_Write_String_4bits@a        cstackCOMMON 0075
Lcd_Write_String_4bits@i        cstackCOMMON 007A
_ANSEL                          (abs)        0188
_ANSELH                         (abs)        0189
_Lcd_Clear_4bits                text16       025D
_Lcd_Cmd_4bits                  text17       028D
_Lcd_Init_4bits                 text10       048C
_Lcd_Port_4bits                 text18       02A7
_Lcd_Set_Cursor_4bits           text15       03EB
_Lcd_Write_Char_4bits           text14       02F6
_Lcd_Write_String_4bits         text13       0365
_OSCCONbits                     (abs)        008F
_PORTB                          (abs)        0006
_PORTCbits                      (abs)        0007
_PORTD                          (abs)        0008
_PORTDbits                      (abs)        0008
_SSPBUF                         (abs)        0013
_SSPCON                         (abs)        0014
_SSPSTAT                        (abs)        0094
_SSPSTATbits                    (abs)        0094
_TRISB                          (abs)        0086
_TRISC1                         (abs)        0439
_TRISC2                         (abs)        043A
_TRISC3                         (abs)        043B
_TRISC5                         (abs)        043D
_TRISD                          (abs)        0088
__Habs1                         abs1         0000
__Hbank0                        bank0        0000
__Hbank1                        bank1        0000
__Hbank2                        bank2        0000
__Hbank3                        bank3        0000
__Hcinit                        cinit        0800
__Hclrtext                      clrtext      0000
__Hcode                         code         0000
__Hcommon                       common       0000
__Hconfig                       config       2009
__HcstackBANK0                  cstackBANK0  0000
__HcstackCOMMON                 cstackCOMMON 0000
__Heeprom_data                  eeprom_data  0000
__Hend_init                     end_init     0003
__Hfunctab                      functab      0000
__Hidloc                        idloc        2004
__Hinit                         init         0000
__Hintentry                     intentry     0000
__Hmaintext                     maintext     0000
__Hpowerup                      powerup      0000
__Hram                          ram          0000
__Hreset_vec                    reset_vec    0000
__Hsfr0                         sfr0         0000
__Hsfr1                         sfr1         0000
__Hsfr2                         sfr2         0000
__Hsfr3                         sfr3         0000
__Hspace_0                      (abs)        0800
__Hspace_1                      (abs)        007E
__Hspace_2                      (abs)        0000
__Hspace_3                      (abs)        0000
__Hspace_4                      (abs)        4010
__Hstack                        stack        0000
__Hstrings                      strings      0000
__Htext                         text         0000
__Labs1                         abs1         0000
__Lbank0                        bank0        0000
__Lbank1                        bank1        0000
__Lbank2                        bank2        0000
__Lbank3                        bank3        0000
__Lcinit                        cinit        07FC
__Lclrtext                      clrtext      0000
__Lcode                         code         0000
__Lcommon                       common       0000
__Lconfig                       config       0000
__LcstackBANK0                  cstackBANK0  0000
__LcstackCOMMON                 cstackCOMMON 0000
__Leeprom_data                  eeprom_data  0000
__Lend_init                     end_init     0000
__Lfunctab                      functab      0000
__Lidloc                        idloc        0000
__Linit                         init         0000
__Lintentry                     intentry     0000
__Lmaintext                     maintext     0000
__Lpowerup                      powerup      0000
__Lram                          ram          0000
__Lreset_vec                    reset_vec    0000
__Lsfr0                         sfr0         0000
__Lsfr1                         sfr1         0000
__Lsfr2                         sfr2         0000
__Lsfr3                         sfr3         0000
__Lspace_0                      (abs)        0000
__Lspace_1                      (abs)        0000
__Lspace_2                      (abs)        0000
__Lspace_3                      (abs)        0000
__Lspace_4                      (abs)        0000
__Lstack                        stack        0000
__Lstrings                      strings      0000
__Ltext                         text         0000
__S0                            (abs)        0800
__S1                            (abs)        007E
__S3                            (abs)        0000
___awdiv                        text12       04E9
___awdiv@counter                cstackCOMMON 0075
___awdiv@dividend               cstackCOMMON 0072
___awdiv@divisor                cstackCOMMON 0070
___awdiv@quotient               cstackCOMMON 0077
___awdiv@sign                   cstackCOMMON 0076
___awmod                        text11       0431
___awmod@counter                cstackBANK0  0020
___awmod@dividend               cstackCOMMON 007B
___awmod@divisor                cstackCOMMON 0079
___awmod@sign                   cstackBANK0  0021
___int_sp                       stack        0000
___latbits                      (abs)        0002
___lwdiv                        text3        03A7
___lwdiv@counter                cstackCOMMON 0077
___lwdiv@dividend               cstackCOMMON 0072
___lwdiv@divisor                cstackCOMMON 0070
___lwdiv@quotient               cstackCOMMON 0075
___lwmod                        text2        032B
___lwmod@counter                cstackCOMMON 007D
___lwmod@dividend               cstackCOMMON 007A
___lwmod@divisor                cstackCOMMON 0078
___sp                           stack        0000
___stackhi                      (abs)        0000
___stacklo                      (abs)        0000
__end_of_Lcd_Clear_4bits        text16       026A
__end_of_Lcd_Cmd_4bits          text17       02A7
__end_of_Lcd_Init_4bits         text10       04E9
__end_of_Lcd_Port_4bits         text18       02C9
__end_of_Lcd_Set_Cursor_4bits   text15       0431
__end_of_Lcd_Write_Char_4bits   text14       032B
__end_of_Lcd_Write_String_4bits text13       03A7
__end_of___awdiv                text12       0550
__end_of___awmod                text11       048C
__end_of___lwdiv                text3        03EB
__end_of___lwmod                text2        0365
__end_of__initialization        cinit        07FC
__end_of__stringtab             strings      0013
__end_of_dpowers                strings      001D
__end_of_main                   maintext     07FC
__end_of_setup                  text7        02F6
__end_of_setupINTOSC            text9        0277
__end_of_spiInit                text8        028D
__end_of_spiRead                text5        025D
__end_of_spiReceiveWait         text6        0254
__end_of_spiWrite               text4        024D
__end_of_sprintf                text1        0611
__initialization                cinit        07FC
__pcstackBANK0                  cstackBANK0  0020
__pcstackCOMMON                 cstackCOMMON 0070
__pmaintext                     maintext     0611
__pstrings                      strings      0003
__ptext1                        text1        0550
__ptext10                       text10       048C
__ptext11                       text11       0431
__ptext12                       text12       04E9
__ptext13                       text13       0365
__ptext14                       text14       02F6
__ptext15                       text15       03EB
__ptext16                       text16       025D
__ptext17                       text17       028D
__ptext18                       text18       02A7
__ptext2                        text2        032B
__ptext3                        text3        03A7
__ptext4                        text4        0247
__ptext5                        text5        0254
__ptext6                        text6        024D
__ptext7                        text7        02C9
__ptext8                        text8        0277
__ptext9                        text9        026A
__stringbase                    strings      0012
__stringtab                     strings      0003
_dpowers                        strings      0013
_main                           maintext     0611
_setup                          text7        02C9
_setupINTOSC                    text9        026A
_spiInit                        text8        0277
_spiRead                        text5        0254
_spiReceiveWait                 text6        024D
_spiWrite                       text4        0247
_sprintf                        text1        0550
btemp                           (abs)        007E
end_of_initialization           cinit        07FC
intlevel0                       functab      0000
intlevel1                       functab      0000
intlevel2                       functab      0000
intlevel3                       functab      0000
intlevel4                       functab      0000
intlevel5                       functab      0000
main@ADC1                       cstackBANK0  002F
main@ADC2                       cstackBANK0  0038
main@VAL1                       cstackBANK0  0047
main@VAL1_C                     cstackBANK0  0043
main@VAL1_D                     cstackBANK0  0042
main@VAL1_U                     cstackBANK0  0041
main@VAL2                       cstackBANK0  0048
main@VAL2_C                     cstackBANK0  0046
main@VAL2_D                     cstackBANK0  0045
main@VAL2_U                     cstackBANK0  0044
reset_vec                       reset_vec    0000
setupINTOSC@F                   cstackCOMMON 0071
spiInit@sClockIdle              cstackCOMMON 0071
spiInit@sDataSample             cstackCOMMON 0070
spiInit@sTransmitEdge           cstackCOMMON 0072
spiInit@sType                   cstackCOMMON 0073
spiWrite@dat                    cstackCOMMON 0070
sprintf@ap                      cstackBANK0  0027
sprintf@c                       cstackBANK0  002C
sprintf@f                       cstackBANK0  0020
sprintf@flag                    cstackBANK0  0026
sprintf@prec                    cstackBANK0  002A
sprintf@sp                      cstackBANK0  002B
sprintf@val                     cstackBANK0  0028
start                           init         0000
start_initialization            cinit        07FC
wtemp0                          (abs)        007E


MODULE INFORMATION

Module		Function		Class		Link	Load	Size
configSPI.c
		_spiWrite      		CODE           	0247	0000	6
		_spiInit       		CODE           	0277	0000	22
		_spiReceiveWait		CODE           	024D	0000	7
		_spiRead       		CODE           	0254	0000	9

configSPI.c estimated size: 44

C:\Program Files\Microchip\xc8\v2.40\pic\sources\c90\common\awdiv.c
		___awdiv       		CODE           	04E9	0000	103

C:\Program Files\Microchip\xc8\v2.40\pic\sources\c90\common\awdiv.c estimated size: 103

configINTOSC.c
		_setupINTOSC   		CODE           	026A	0000	13

configINTOSC.c estimated size: 13

C:\Program Files\Microchip\xc8\v2.40\pic\sources\c90\common\doprnt.c
		_sprintf       		CODE           	0550	0000	193

C:\Program Files\Microchip\xc8\v2.40\pic\sources\c90\common\doprnt.c estimated size: 193

configLCD_4bits.c
		_Lcd_Port_4bits		CODE           	02A7	0000	34
		_Lcd_Clear_4bits		CODE           	025D	0000	13
		_Lcd_Set_Cursor_4bits		CODE           	03EB	0000	70
		_Lcd_Init_4bits		CODE           	048C	0000	93
		_Lcd_Cmd_4bits 		CODE           	028D	0000	26
		_Lcd_Write_Char_4bits		CODE           	02F6	0000	53
		_Lcd_Write_String_4bits		CODE           	0365	0000	66

configLCD_4bits.c estimated size: 355

main_M.c
		_main          		CODE           	0611	0000	491
		_setup         		CODE           	02C9	0000	45

main_M.c estimated size: 536

C:\Program Files\Microchip\xc8\v2.40\pic\sources\c90\common\lwmod.c
		___lwmod       		CODE           	032B	0000	58

C:\Program Files\Microchip\xc8\v2.40\pic\sources\c90\common\lwmod.c estimated size: 58

shared
		__stringtab    		STRING         	0003	0000	16
		_dpowers       		STRING         	0013	0000	10
		__initialization		CODE           	07FC	0000	1

shared estimated size: 27

C:\Program Files\Microchip\xc8\v2.40\pic\sources\c90\common\awmod.c
		___awmod       		CODE           	0431	0000	91

C:\Program Files\Microchip\xc8\v2.40\pic\sources\c90\common\awmod.c estimated size: 91

C:\Program Files\Microchip\xc8\v2.40\pic\sources\c90\common\lwdiv.c
		___lwdiv       		CODE           	03A7	0000	68

C:\Program Files\Microchip\xc8\v2.40\pic\sources\c90\common\lwdiv.c estimated size: 68

