Microchip MPLAB XC8 Compiler V2.40

Linker command line:

-W-3 \
  --edf=C:\Program Files\Microchip\xc8\v2.40\pic\dat\20220703182018_en.msgs \
  -cn -h+dist/default/production\SPI_S1.X.production.sym \
  --cmf=dist/default/production\SPI_S1.X.production.cmf -z -Q16F887 \
  -oC:\Users\byron\AppData\Local\Temp\xcAs1cqg.4 --defsym=__MPLAB_BUILD=1 \
  --fixupoverflow=error -Mdist/default/production/SPI_S1.X.production.map \
  --md=C:\Users\byron\AppData\Local\Temp\xcAs1cqg.dat -E1 -ver=XC8 Compiler \
  --acfsm=1493 -ACODE=00h-07FFhx4 -ASTRCODE=00h-01FFFh -ASTRING=00h-0FFhx32 \
  -ACONST=00h-0FFhx32 -AENTRY=00h-0FFhx32 -ACOMMON=070h-07Fh \
  -ABANK0=020h-06Fh -ABANK1=0A0h-0EFh -ABANK2=0110h-016Fh \
  -ABANK3=0190h-01EFh -ARAM=020h-06Fh,0A0h-0EFh,0110h-016Fh,0190h-01EFh \
  -AABS1=020h-07Fh,0A0h-0EFh,0110h-016Fh,0190h-01EFh -ASFR0=00h-01Fh \
  -ASFR1=080h-09Fh -ASFR2=0100h-010Fh -ASFR3=0180h-018Fh \
  -ACONFIG=02007h-02008h -DCONFIG=2 -AIDLOC=02000h-02003h -DIDLOC=2 \
  -AEEDATA=00h-0FFh/02100h -peeprom_data=EEDATA -DEEDATA=2 -DCODE=2 \
  -DSTRCODE=2 -DSTRING=2 -DCONST=2 -DENTRY=2 \
  -preset_vec=00h,intentry=04h,init,end_init -ppowerup=CODE -pcinit=CODE \
  -pfunctab=ENTRY -k C:\Users\byron\AppData\Local\Temp\xcAs1cqg.o \
  dist/default/production\SPI_S1.X.production.o 

Object code version is 3.11

Machine type is 16F887



                Name                               Link     Load   Length Selector   Space Scale
C:\Users\byron\AppData\Local\Temp\xcAs1cqg.o
                end_init                              C        C        3        8       0
                reset_vec                             0        0        3        0       0
                config                             2007     2007        2        0       4
                idloc                              2000     2000        4        0       5
dist/default/production\SPI_S1.X.production.o
                cinit                                 F        F        4        8       0
                intentry                              4        4        8        8       0
                config                             2007     2007        2        0       4
                idloc                              2000     2000        4        0       5
                text9                               101      101        7        8       0
                text8                                F8       F8        9        8       0
                text7                               108      108        6        8       0
                text6                                A8       A8       1E        8       0
                text5                                13       13       40        8       0
                text4                                53       53       2C        8       0
                text3                                EB       EB        D        8       0
                text2                                C6       C6       16        8       0
                text1                                7F       7F       29        8       0
                maintext                             DC       DC        F        8       0
                cstackCOMMON                         70       70        7       70       1

TOTAL           Name                               Link     Load   Length     Space
        CLASS   CODE           
                end_init                              C        C        3         0
                cinit                                 F        F        4         0
                intentry                              4        4        8         0
                reset_vec                             0        0        3         0
                text9                               101      101        7         0
                text8                                F8       F8        9         0
                text7                               108      108        6         0
                text6                                A8       A8       1E         0
                text5                                13       13       40         0
                text4                                53       53       2C         0
                text3                                EB       EB        D         0
                text2                                C6       C6       16         0
                text1                                7F       7F       29         0
                maintext                             DC       DC        F         0

        CLASS   STRCODE        

        CLASS   STRING         

        CLASS   CONST          

        CLASS   ENTRY          

        CLASS   COMMON         
                cstackCOMMON                         70       70        7         1

        CLASS   BANK0          

        CLASS   BANK1          

        CLASS   BANK2          

        CLASS   BANK3          

        CLASS   RAM            

        CLASS   ABS1           
                abs_s1                               7E       7E        2         1

        CLASS   SFR0           

        CLASS   SFR1           

        CLASS   SFR2           

        CLASS   SFR3           

        CLASS   CONFIG         
                config                             2007     2007        2         4

        CLASS   IDLOC          
                idloc                              2000     2000        4         5

        CLASS   EEDATA         

        CLASS   STACK          



SEGMENTS        Name                           Load    Length   Top    Selector   Space  Class     Delta

                reset_vec                      000000  000003  000003         0       0  CODE        2
                intentry                       000004  00010A  00010E         8       0  CODE        2
                cstackCOMMON                   000070  000007  000077        70       1  COMMON      1


UNUSED ADDRESS RANGES

        Name                Unused          Largest block    Delta
        BANK0            0020-006F             50           1
        BANK1            00A0-00EF             50           1
        BANK2            0110-016F             60           1
        BANK3            0190-01EF             60           1
        CODE             0003-0003              1           2
                         010E-1FFF            800
        COMMON           0077-007D              7           1
        CONST            0003-0003              1           2
                         010E-1FFF            100
        EEDATA           2100-21FF            100           2
        ENTRY            0003-0003              1           2
                         010E-1FFF            100
        RAM              0020-006F             50           1
                         00A0-00EF             50
                         0110-016F             60
                         0190-01EF             60
        SFR0             0000-001F             20           1
        SFR1             0080-009F             20           1
        SFR2             0100-010F             10           1
        SFR3             0180-018F             10           1
        STRCODE          0003-0003              1           2
                         010E-1FFF           1EF2
        STRING           0003-0003              1           2
                         010E-1FFF            100

                                  Symbol Table

_ADCON0bits              (abs)        001F
_ADCON1bits              (abs)        009F
_ADIF                    (abs)        0066
_ADRESH                  (abs)        001E
_ANSEL                   (abs)        0188
_ANSELH                  (abs)        0189
_ANSELbits               (abs)        0188
_INTCONbits              (abs)        000B
_OSCCONbits              (abs)        008F
_PIE1bits                (abs)        008C
_PIR1bits                (abs)        000C
_PORTB                   (abs)        0006
_PORTD                   (abs)        0008
_SSPBUF                  (abs)        0013
_SSPCON                  (abs)        0014
_SSPIF                   (abs)        0063
_SSPSTAT                 (abs)        0094
_SSPSTATbits             (abs)        0094
_TRISAbits               (abs)        0085
_TRISB                   (abs)        0086
_TRISC3                  (abs)        043B
_TRISC5                  (abs)        043D
_TRISD                   (abs)        0088
__Habs1                  abs1         0000
__Hbank0                 bank0        0000
__Hbank1                 bank1        0000
__Hbank2                 bank2        0000
__Hbank3                 bank3        0000
__Hcinit                 cinit        0013
__Hclrtext               clrtext      0000
__Hcode                  code         0000
__Hcommon                common       0000
__Hconfig                config       2009
__HcstackCOMMON          cstackCOMMON 0000
__Heeprom_data           eeprom_data  0000
__Hend_init              end_init     000F
__Hfunctab               functab      0000
__Hidloc                 idloc        2004
__Hinit                  init         000C
__Hintentry              intentry     000C
__Hmaintext              maintext     0000
__Hpowerup               powerup      0000
__Hram                   ram          0000
__Hreset_vec             reset_vec    0003
__Hsfr0                  sfr0         0000
__Hsfr1                  sfr1         0000
__Hsfr2                  sfr2         0000
__Hsfr3                  sfr3         0000
__Hspace_0               (abs)        010E
__Hspace_1               (abs)        0077
__Hspace_2               (abs)        0000
__Hspace_3               (abs)        0000
__Hspace_4               (abs)        4010
__Hstack                 stack        0000
__Hstrings               strings      0000
__Htext                  text         0000
__Labs1                  abs1         0000
__Lbank0                 bank0        0000
__Lbank1                 bank1        0000
__Lbank2                 bank2        0000
__Lbank3                 bank3        0000
__Lcinit                 cinit        000F
__Lclrtext               clrtext      0000
__Lcode                  code         0000
__Lcommon                common       0000
__Lconfig                config       0000
__LcstackCOMMON          cstackCOMMON 0000
__Leeprom_data           eeprom_data  0000
__Lend_init              end_init     000C
__Lfunctab               functab      0000
__Lidloc                 idloc        0000
__Linit                  init         000C
__Lintentry              intentry     0004
__Lmaintext              maintext     0000
__Lpowerup               powerup      0000
__Lram                   ram          0000
__Lreset_vec             reset_vec    0000
__Lsfr0                  sfr0         0000
__Lsfr1                  sfr1         0000
__Lsfr2                  sfr2         0000
__Lsfr3                  sfr3         0000
__Lspace_0               (abs)        0000
__Lspace_1               (abs)        0000
__Lspace_2               (abs)        0000
__Lspace_3               (abs)        0000
__Lspace_4               (abs)        0000
__Lstack                 stack        0000
__Lstrings               strings      0000
__Ltext                  text         0000
__S0                     (abs)        010E
__S1                     (abs)        0077
__S3                     (abs)        0000
___int_sp                stack        0000
___latbits               (abs)        0002
___sp                    stack        0000
___stackhi               (abs)        0000
___stacklo               (abs)        0000
__end_of__initialization cinit        000F
__end_of_isr             text6        00C6
__end_of_main            maintext     00EB
__end_of_readADC         text5        0053
__end_of_setup           text1        00A8
__end_of_setupADC        text4        007F
__end_of_setupINTOSC     text3        00F8
__end_of_spiInit         text2        00DC
__end_of_spiRead         text8        0101
__end_of_spiReceiveWait  text9        0108
__end_of_spiWrite        text7        010E
__initialization         cinit        000F
__pcstackCOMMON          cstackCOMMON 0070
__pintentry              intentry     0004
__pmaintext              maintext     00DC
__ptext1                 text1        007F
__ptext2                 text2        00C6
__ptext3                 text3        00EB
__ptext4                 text4        0053
__ptext5                 text5        0013
__ptext6                 text6        00A8
__ptext7                 text7        0108
__ptext8                 text8        00F8
__ptext9                 text9        0101
_isr                     text6        00A8
_main                    maintext     00DC
_readADC                 text5        0013
_setup                   text1        007F
_setupADC                text4        0053
_setupINTOSC             text3        00EB
_spiInit                 text2        00C6
_spiRead                 text8        00F8
_spiReceiveWait          text9        0101
_spiWrite                text7        0108
btemp                    (abs)        007E
end_of_initialization    cinit        000F
interrupt_function       intentry     0004
intlevel0                functab      0000
intlevel1                functab      0000
intlevel2                functab      0000
intlevel3                functab      0000
intlevel4                functab      0000
intlevel5                functab      0000
readADC@canal            cstackCOMMON 0075
reset_vec                reset_vec    0000
saved_w                  (abs)        007E
setupADC@canal           cstackCOMMON 0074
setupINTOSC@F            cstackCOMMON 0074
spiInit@sClockIdle       cstackCOMMON 0074
spiInit@sDataSample      cstackCOMMON 0073
spiInit@sTransmitEdge    cstackCOMMON 0075
spiInit@sType            cstackCOMMON 0076
spiWrite@dat             cstackCOMMON 0070
start                    init         000C
start_initialization     cinit        000F
wtemp0                   (abs)        007E


MODULE INFORMATION

Module		Function		Class		Link	Load	Size
configSPI.c
		_spiWrite      		CODE           	0108	0000	6
		_spiInit       		CODE           	00C6	0000	22
		_spiReceiveWait		CODE           	0101	0000	7
		_spiRead       		CODE           	00F8	0000	9

configSPI.c estimated size: 44

configINTOSC.c
		_setupINTOSC   		CODE           	00EB	0000	13

configINTOSC.c estimated size: 13

shared
		__initialization		CODE           	000F	0000	1

shared estimated size: 1

main_S1.c
		_main          		CODE           	00DC	0000	15
		_isr           		CODE           	00A8	0000	30
		_setup         		CODE           	007F	0000	41

main_S1.c estimated size: 86

configADC.c
		_readADC       		CODE           	0013	0000	64
		_setupADC      		CODE           	0053	0000	44

configADC.c estimated size: 108

